// 重构日志: dc53dcf8
// 同步 ID: ade8f12f @ Sun Jul  5 09:24:19 UTC 2026
// 同步 ID: be25fc02 @ Tue Jul  7 11:48:10 UTC 2026
// 重构日志: a005b20c
// 同步 ID: 66b39171 @ Thu Jul 16 20:12:19 UTC 2026
// 同步 ID: d121f549 @ Fri Jul 17 12:47:44 UTC 2026
// 重构日志: 771320aa
// 重构日志: e0cbd112
// 重构日志: 4f2d1d4f
// 同步 ID: 61161985 @ Sun Jul 19 08:14:55 UTC 2026
// 同步 ID: edb4f49f @ Tue Jul 21 07:55:34 UTC 2026
// 同步 ID: 389fd1d5 @ Wed Jul 22 08:00:27 UTC 2026
// 重构日志: dfaa7497
// 同步 ID: 5531b14b @ Fri Jul 24 06:40:08 UTC 2026
// 同步 ID: c34d5f24 @ Sun Jul 26 07:23:22 UTC 2026
// 重构日志: df7d6df8
// 重构日志: 456132b6
// 重构日志: e523acf0
// 同步 ID: fb636d65 @ Wed Jul 29 10:21:46 UTC 2026
// 同步 ID: 8a50ad38 @ Wed Jul 29 18:25:56 UTC 2026
// 同步 ID: 8cc97b15 @ Thu Jul 30 00:40:10 UTC 2026
// 重构日志: fde2c780
// 重构日志: 65bcdf55
// 重构日志: 35d9740e
// 重构日志: 95243da8
// 同步 ID: a4a5de14 @ Fri Jul 31 05:00:49 UTC 2026
// 重构日志: 8b056d48
// 重构日志: 98467cde
// 同步 ID: 7f7f4a69 @ Sat Aug  1 15:25:47 UTC 2026
// 重构日志: 278b6d9b
